val v15 stack (no empty model): F0.5 0.98984 P 0.99817 R 0.97177 US 0.98950 IN 0.99035
[    25s] val band 235,968 pairs, pos 60,956, 49 features
[    65s] band AUC pf 0.91381 -> re-scored 0.93003
val v16 (no empty model): F0.5 0.99108 P 0.99851 R 0.97496 US 0.99067 IN 0.99170
[    82s] test frame 95,234,538 pairs
[   227s] test band 968,184 pairs; ce1 coverage 0.910, bk rev coverage 0.676
val v16 final (+445 empty rescue): F0.5 0.99109 P 0.99844 R 0.97518 US 0.99068 IN 0.99170
shape: (18, 3)
┌─────────┬──────┬────────┐
│ country ┆ kind ┆ len    │
│ ---     ┆ ---  ┆ ---    │
│ str     ┆ u8   ┆ u32    │
╞═════════╪══════╪════════╡
│ France  ┆ 0    ┆ 837968 │
│ France  ┆ 1    ┆ 1543   │
│ France  ┆ 2    ┆ 2284   │
│ France  ┆ 3    ┆ 379    │
│ France  ┆ 4    ┆ 680    │
│ …       ┆ …    ┆ …      │
│ US      ┆ 1    ┆ 7518   │
│ US      ┆ 2    ┆ 6666   │
│ US      ┆ 3    ┆ 706    │
│ US      ┆ 4    ┆ 1335   │
│ US      ┆ 5    ┆ 6265   │
└─────────┴──────┴────────┘
shape: (3, 6)
┌─────────┬─────────┬──────────┬────────┬────────┬────────┐
│ country ┆ pairs   ┆ nonempty ┆ len    ┆ per_s1 ┆ empty  │
│ ---     ┆ ---     ┆ ---      ┆ ---    ┆ ---    ┆ ---    │
│ str     ┆ u32     ┆ u32      ┆ u32    ┆ f64    ┆ f64    │
╞═════════╪═════════╪══════════╪════════╪════════╪════════╡
│ France  ┆ 848024  ┆ 243959   ┆ 259452 ┆ 3.2685 ┆ 0.0597 │
│ India   ┆ 2739045 ┆ 763276   ┆ 809986 ┆ 3.3816 ┆ 0.0577 │
│ US      ┆ 2247107 ┆ 624722   ┆ 663106 ┆ 3.3888 ┆ 0.0579 │
└─────────┴─────────┴──────────┴────────┴────────┴────────┘
vs v15: shape: (3, 6)
┌─────────┬───────┬─────────┬────────┬────────────┬────────────┐
│ country ┆ added ┆ removed ┆ len    ┆ add_per_1k ┆ rem_per_1k │
│ ---     ┆ ---   ┆ ---     ┆ ---    ┆ ---        ┆ ---        │
│ str     ┆ u32   ┆ u32     ┆ u32    ┆ f64        ┆ f64        │
╞═════════╪═══════╪═════════╪════════╪════════════╪════════════╡
│ France  ┆ 5335  ┆ 8243    ┆ 259452 ┆ 20.56      ┆ 31.77      │
│ India   ┆ 8532  ┆ 4752    ┆ 809986 ┆ 10.53      ┆ 5.87       │
│ US      ┆ 6900  ┆ 3507    ┆ 663106 ┆ 10.41      ┆ 5.29       │
└─────────┴───────┴─────────┴────────┴────────────┴────────────┘
[   326s] 5,834,176 pairs -> submissions\v17\matching_results.tsv
atching_results.tsv: 1732544 rows (100587 empty, 1631957 non-empty).

WARNING: ID-existence check is OFF (the default) — not checking that matched/candidate IDs exist in the test set. Every other rule is still checked. Re-run with --check-ids to enable it (needs test_source2/3.tsv; uses more memory). A nonexistent ID only lowers your score, never rejects your submission.
WARNING: output/candidate_pairs.tsv not found — skipping candidate_pairs.tsv checks. It is optional here, but your final submission zip must include output/candidate_pairs.tsv.
PASS — no blocking issues found. Safe to submit.
 
